Info: Saved as "relay-foundry.blend"
INFO Draco mesh compression is available, use library at C:\Program Files\Blender Foundation\Blender 5.1\5.1\scripts\addons_core\io_scene_gltf2\extern_draco.dll
21:30:02 | INFO: Starting glTF 2.0 export
21:30:02 | INFO: Extracting primitive: Cube
21:30:02 | WARNING: More than one shader node tex image used for a texture. The resulting glTF sampler will behave like the first shader node tex image.
21:30:02 | WARNING: More than one shader node tex image used for a texture. The resulting glTF sampler will behave like the first shader node tex image.
21:30:02 | WARNING: More than one shader node tex image used for a texture. The resulting glTF sampler will behave like the first shader node tex image.
21:30:02 | WARNING: More than one shader node tex image used for a texture. The resulting glTF sampler will behave like the first shader node tex image.
21:30:02 | INFO: Primitives created: 4
21:30:02 | INFO: Extracting primitive: Cube.114
21:30:02 | INFO: Primitives created: 3
21:30:02 | INFO: Extracting primitive: Cube.103
21:30:02 | INFO: Primitives created: 2
21:30:02 | INFO: Extracting primitive: Cylinder.108
21:30:02 | INFO: Primitives created: 2
21:30:02 | INFO: Finished glTF 2.0 export in 0.13875675201416016 s
Blender 5.1.0 (hash adfe2921d5f3 built 2026-03-17 01:37:32)
Writing: C:\Users\hwash\AppData\Local\Temp\relay-foundry.crash.txt
Error   : EXCEPTION_ACCESS_VIOLATION
Address : 0x00007FF688C53100
Module  : blender.exe
Thread  : 00003d74
