C:\Users\hwash\Documents\MachineMoveForward\tools\art\expansion_v1\build_assets.py:55: DeprecationWarning: 'Material.use_nodes' is expected to be removed in Blender 6.0
  mat=bpy.data.materials.new('Expansion_StatusLamp');mat.use_nodes=True
Info: Saved as "navigation-helm.blend"
INFO Draco mesh compression is available, use library at C:\Program Files\Blender Foundation\Blender 5.1\5.1\scripts\addons_core\io_scene_gltf2\extern_draco.dll
21:39:43 | INFO: Starting glTF 2.0 export
21:39:43 | INFO: Extracting primitive: Cylinder.007
21:39:43 | WARNING: More than one shader node tex image used for a texture. The resulting glTF sampler will behave like the first shader node tex image.
21:39:43 | WARNING: More than one shader node tex image used for a texture. The resulting glTF sampler will behave like the first shader node tex image.
21:39:43 | INFO: Primitives created: 2
21:39:43 | INFO: Extracting primitive: Cube.027
21:39:43 | INFO: Primitives created: 1
21:39:43 | INFO: Extracting primitive: Cube
21:39:43 | WARNING: More than one shader node tex image used for a texture. The resulting glTF sampler will behave like the first shader node tex image.
21:39:43 | WARNING: More than one shader node tex image used for a texture. The resulting glTF sampler will behave like the first shader node tex image.
21:39:43 | INFO: Primitives created: 4
21:39:43 | INFO: Finished glTF 2.0 export in 0.08470630645751953 s

EXPANSION_ASSET {"asset": "navigation-helm", "triangles": 7072, "meshes": 3, "bounds": {"min": [-0.5799999833106995, 0.0, -0.36000001430511475], "max": [0.5799999833106995, 1.3474746942520142, 0.3779999911785126]}, "markers": {"HelmRoot": [0.0, 0.0, -0.0], "HelmPowerLamp": [0.3400000035762787, 1.100000023841858, 0.27000001072883606], "GyroInstalled": [0.25, 0.6499999761581421, 0.28999999165534973], "HelmInteract": [0.0, 0.8500000238418579, 0.47999998927116394]}, "bytes": 12656388}
Info: Saved as "relay-foundry.blend"
21:40:29 | INFO: Starting glTF 2.0 export
21:40:29 | INFO: Extracting primitive: Cube
21:40:29 | WARNING: More than one shader node tex image used for a texture. The resulting glTF sampler will behave like the first shader node tex image.
21:40:29 | WARNING: More than one shader node tex image used for a texture. The resulting glTF sampler will behave like the first shader node tex image.
21:40:29 | WARNING: More than one shader node tex image used for a texture. The resulting glTF sampler will behave like the first shader node tex image.
21:40:29 | WARNING: More than one shader node tex image used for a texture. The resulting glTF sampler will behave like the first shader node tex image.
21:40:29 | INFO: Primitives created: 4
21:40:29 | INFO: Extracting primitive: Cube.114
21:40:29 | INFO: Primitives created: 3
21:40:29 | INFO: Extracting primitive: Cube.103
21:40:29 | INFO: Primitives created: 2
21:40:29 | INFO: Extracting primitive: Cylinder.108
21:40:29 | INFO: Primitives created: 2
21:40:29 | INFO: Finished glTF 2.0 export in 0.11043119430541992 s

EXPANSION_ASSET {"asset": "relay-foundry", "triangles": 40524, "meshes": 4, "bounds": {"min": [-8.0, -0.2800000011920929, -5.039999961853027], "max": [7.0, 4.830000400543213, 5.039999961853027]}, "markers": {"FoundryRoot": [0.0, 0.0, -0.0], "TrackingServo": [3.0, 1.0, -1.5], "SalvageController": [-1.0, 1.0, 1.5], "JournalLog": [-2.0, 1.0, -2.0], "JournalBlueprint": [1.0, 1.2300000190734863, 2.0], "Gangway": [-7.5, -0.07999999821186066, -0.0], "EntryAnchor": [-7.0, 0.0, -0.0], "ExitSightline": [-5.800000190734863, 1.600000023841858, -0.0]}, "bytes": 13692972}
Info: Saved as "raider-gunboat.blend"
21:41:01 | INFO: Starting glTF 2.0 export
21:41:01 | INFO: Extracting primitive: Cube.049
21:41:01 | WARNING: More than one shader node tex image used for a texture. The resulting glTF sampler will behave like the first shader node tex image.
21:41:01 | INFO: Primitives created: 1
21:41:01 | INFO: Extracting primitive: Cube.045
21:41:01 | WARNING: More than one shader node tex image used for a texture. The resulting glTF sampler will behave like the first shader node tex image.
21:41:01 | WARNING: More than one shader node tex image used for a texture. The resulting glTF sampler will behave like the first shader node tex image.
21:41:01 | INFO: Primitives created: 3
21:41:01 | INFO: Extracting primitive: Cylinder.026
21:41:01 | WARNING: More than one shader node tex image used for a texture. The resulting glTF sampler will behave like the first shader node tex image.
21:41:01 | INFO: Primitives created: 3
21:41:01 | INFO: Extracting primitive: Compound tapered hull
21:41:01 | INFO: Primitives created: 4
21:41:01 | INFO: Extracting primitive: Cube.046
21:41:01 | INFO: Primitives created: 1
21:41:01 | INFO: Finished glTF 2.0 export in 0.11459994316101074 s

EXPANSION_ASSET {"asset": "raider-gunboat", "triangles": 35428, "meshes": 5, "bounds": {"min": [-1.6822330951690674, 0.2802206873893738, -4.5], "max": [1.6822330951690674, 3.862499952316284, 4.5]}, "markers": {"GunboatRoot": [0.0, 0.0, -0.0], "GunboatGunYaw": [0.0, 3.200000047683716, -1.7000000476837158], "GunboatGunPitch": [0.0, 3.6000001430511475, -1.7000000476837158], "GunboatMuzzle": [0.0, 3.6000001430511475, -3.5], "WeaponDamageAnchor": [0.0, 3.4000000953674316, -1.7000000476837158], "WeaponDisabled": [0.0, 3.4000000953674316, -1.7000000476837158], "EngineDamageAnchor": [0.0, 3.200000047683716, 2.799999952316284], "EngineExhaust": [0.0, 3.180000066757202, 3.799999952316284], "EngineDisabled": [0.0, 3.200000047683716, 2.799999952316284]}, "bytes": 13662680}
Info: Saved as "automatic-collector.blend"
21:41:08 | INFO: Starting glTF 2.0 export
21:41:08 | INFO: Extracting primitive: Cube.009
21:41:08 | INFO: Primitives created: 1
21:41:08 | INFO: Extracting primitive: Cube
21:41:08 | WARNING: More than one shader node tex image used for a texture. The resulting glTF sampler will behave like the first shader node tex image.
21:41:08 | WARNING: More than one shader node tex image used for a texture. The resulting glTF sampler will behave like the first shader node tex image.
21:41:08 | WARNING: More than one shader node tex image used for a texture. The resulting glTF sampler will behave like the first shader node tex image.
21:41:08 | WARNING: More than one shader node tex image used for a texture. The resulting glTF sampler will behave like the first shader node tex image.
21:41:08 | INFO: Primitives created: 4
21:41:08 | INFO: Extracting primitive: Cube.004
21:41:08 | INFO: Primitives created: 2
21:41:08 | INFO: Extracting primitive: Cylinder.002
21:41:08 | INFO: Primitives created: 3
21:41:08 | INFO: Extracting primitive: Cylinder.006
21:41:08 | INFO: Primitives created: 1
21:41:08 | INFO: Finished glTF 2.0 export in 0.07746481895446777 s

EXPANSION_ASSET {"asset": "automatic-collector", "triangles": 19048, "meshes": 5, "bounds": {"min": [-0.7799999713897705, 0.0, -0.7799999713897705], "max": [0.7799999713897705, 1.3459783792495728, 0.7799999713897705]}, "markers": {"CollectorRoot": [0.0, 0.0, -0.0], "DrumPivot": [0.0, 0.75, -0.0], "GuidePivot": [0.0, 1.0499999523162842, -0.44999998807907104], "ControllerInstalled": [0.4699999988079071, 0.38999998569488525, 0.46000000834465027], "BufferLamp": [0.0, 0.7200000286102295, 0.7200000286102295], "HookExit": [0.0, 1.0299999713897705, -0.7699999809265137], "CollectorInteract": [0.0, 0.699999988079071, 0.8600000143051147]}, "bytes": 13022268}
Info: Saved as "automatic-turret.blend"
21:41:12 | INFO: Starting glTF 2.0 export
21:41:12 | INFO: Extracting primitive: Cube
21:41:12 | WARNING: More than one shader node tex image used for a texture. The resulting glTF sampler will behave like the first shader node tex image.
21:41:12 | WARNING: More than one shader node tex image used for a texture. The resulting glTF sampler will behave like the first shader node tex image.
21:41:12 | WARNING: More than one shader node tex image used for a texture. The resulting glTF sampler will behave like the first shader node tex image.
21:41:12 | INFO: Primitives created: 3
21:41:12 | INFO: Extracting primitive: Cube.012
21:41:12 | INFO: Primitives created: 1
21:41:12 | INFO: Extracting primitive: Cylinder.009
21:41:12 | WARNING: More than one shader node tex image used for a texture. The resulting glTF sampler will behave like the first shader node tex image.
21:41:12 | INFO: Primitives created: 1
21:41:12 | INFO: Extracting primitive: Cube.006
21:41:12 | INFO: Primitives created: 3
21:41:12 | INFO: Extracting primitive: Cube.004
21:41:12 | INFO: Primitives created: 3
21:41:12 | INFO: Extracting primitive: Torus
21:41:12 | INFO: Primitives created: 2
21:41:12 | INFO: Finished glTF 2.0 export in 0.09213852882385254 s

EXPANSION_ASSET {"asset": "automatic-turret", "triangles": 10832, "meshes": 6, "bounds": {"min": [-0.6700000166893005, 0.0, -0.6700000166893005], "max": [0.6700000166893005, 1.3600000143051147, 0.6700000166893005]}, "markers": {"AutoTurretRoot": [0.0, 0.0, -0.0], "TurretYaw": [0.0, 0.7799999713897705, -0.0], "TurretPitch": [0.0, 1.149999976158142, -0.0], "Muzzle": [0.0, 1.1699999570846558, -0.6700000166893005], "TrackerHead": [0.30000001192092896, 1.25, -0.10000000149011612], "ServoInstalled": [-0.3499999940395355, 1.0399999618530273, 0.11999999731779099], "PowerLamp": [0.0, 0.4399999976158142, 0.3400000035762787]}, "bytes": 12730664}
Blender 5.1.0 (hash adfe2921d5f3 built 2026-03-17 01:37:32)

Blender quit
