{
  "initial": [
    {
      "id": "bastion",
      "model": true,
      "clips": [
        "attack",
        "death",
        "idle",
        "run",
        "walk"
      ]
    },
    {
      "id": "revenant",
      "model": true,
      "clips": [
        "attack",
        "death",
        "idle",
        "run",
        "walk"
      ]
    },
    {
      "id": "warden",
      "model": true,
      "clips": [
        "attack",
        "death",
        "idle",
        "run",
        "walk"
      ]
    },
    {
      "id": "sovereign",
      "model": true,
      "clips": [
        "attack",
        "death",
        "idle",
        "run",
        "walk"
      ]
    }
  ],
  "live": [
    {
      "id": "bastion",
      "state": "attack",
      "position": [
        -2.8581632366253142,
        4.664740229476951,
        -5.0173613619308455
      ],
      "clip": "attack",
      "muzzle": [
        -2.1311849132143923,
        4.270968089521301,
        -3.9984204217879262
      ]
    },
    {
      "id": "revenant",
      "state": "attack",
      "position": [
        -0.4082706229225748,
        4.663711660171439,
        -3.051397805909267
      ],
      "clip": "attack",
      "muzzle": [
        -0.36661382499498685,
        4.5103048491602005,
        -1.6645622516768634
      ]
    },
    {
      "id": "warden",
      "state": "attack",
      "position": [
        0.9549553247859165,
        4.660267949252405,
        -5.004443639607125
      ],
      "clip": "attack",
      "muzzle": [
        0.5302027859295273,
        4.955041146305349,
        -3.6161906355658795
      ]
    },
    {
      "id": "sovereign",
      "state": "attack",
      "position": [
        2.8322027555876046,
        4.902190193715544,
        -4.971889565471468
      ],
      "clip": "attack",
      "muzzle": [
        3.0654824169261246,
        5.506090828291097,
        -4.409352684768471
      ]
    }
  ],
  "performance": {
    "fps": 60.08557946091147,
    "p95Ms": 16.799999999999272,
    "peakEnemies": 4,
    "stats": {
      "calls": 1075,
      "tris": 3199440,
      "skyBakes": 1,
      "graphics": {
        "logicalWidth": 1920,
        "logicalHeight": 1080,
        "pixelRatio": 1,
        "drawingBufferWidth": 1920,
        "drawingBufferHeight": 1080,
        "msaaSamples": 4,
        "gtao": true,
        "gtaoWidth": 960,
        "gtaoHeight": 540,
        "shimmer": false,
        "postBypassed": false
      },
      "distance": 98,
      "chunks": 9,
      "speed": 7.37,
      "bodies": 42,
      "playerY": 4.671,
      "grounded": true,
      "vy": 0,
      "simTime": 13.55,
      "hp": 100,
      "ammo": "30/150",
      "weapon": "rifle",
      "enemies": 4,
      "particles": 278,
      "scrap": 260,
      "pieces": 2,
      "rooms": 1,
      "buildMode": false,
      "opening": "done",
      "armed": true
    }
  },
  "combat": {
    "shots": [
      {
        "enemyId": "enemy-2",
        "defId": "warden",
        "visualOrigin": {
          "x": 0.5270031418212591,
          "y": 4.965103619490817,
          "z": -3.607890443495199
        },
        "aimEnd": {
          "x": 0.06766277041877816,
          "y": 4.705239852093175,
          "z": -1.3298401312162444
        }
      },
      {
        "enemyId": "enemy-0",
        "defId": "bastion",
        "visualOrigin": {
          "x": -2.0414946561615555,
          "y": 4.903478899842657,
          "z": -3.8507394556084615
        },
        "aimEnd": {
          "x": -0.20293495105589443,
          "y": 4.701423654667037,
          "z": -1.272440675956918
        }
      },
      {
        "enemyId": "enemy-3",
        "defId": "sovereign",
        "visualOrigin": {
          "x": 3.0547041580885295,
          "y": 5.466776948857029,
          "z": -4.399973982493548
        },
        "aimEnd": {
          "x": 0.2217342392327657,
          "y": 4.737738245938342,
          "z": -1.2490118966678732
        }
      },
      {
        "enemyId": "enemy-0",
        "defId": "bastion",
        "visualOrigin": {
          "x": -2.039263010014087,
          "y": 4.906942617631523,
          "z": -3.858900223246075
        },
        "aimEnd": {
          "x": -0.19691809048376618,
          "y": 4.693609215676245,
          "z": -1.2774401949397811
        }
      },
      {
        "enemyId": "enemy-0",
        "defId": "bastion",
        "visualOrigin": {
          "x": -2.0395420991272677,
          "y": 4.909164019432149,
          "z": -3.86995596347576
        },
        "aimEnd": {
          "x": -0.1928978676569162,
          "y": 4.694273965151031,
          "z": -1.2812508580120059
        }
      },
      {
        "enemyId": "enemy-2",
        "defId": "warden",
        "visualOrigin": {
          "x": 0.5287619144788905,
          "y": 4.97511283304383,
          "z": -3.6068270457510776
        },
        "aimEnd": {
          "x": 0.06938259207103759,
          "y": 4.709425090799909,
          "z": -1.3287617374823792
        }
      },
      {
        "enemyId": "enemy-3",
        "defId": "sovereign",
        "visualOrigin": {
          "x": 3.0630704694964503,
          "y": 5.533959772703875,
          "z": -4.400101723217133
        },
        "aimEnd": {
          "x": 0.22955656001292146,
          "y": 4.740306827541913,
          "z": -1.2490208528534472
        }
      },
      {
        "enemyId": "enemy-0",
        "defId": "bastion",
        "visualOrigin": {
          "x": -2.061033823423627,
          "y": 4.905240706105345,
          "z": -3.875429814225511
        },
        "aimEnd": {
          "x": -0.1970675698085662,
          "y": 4.6896230397889305,
          "z": -1.2737302323019497
        }
      },
      {
        "enemyId": "enemy-0",
        "defId": "bastion",
        "visualOrigin": {
          "x": -2.069734938408135,
          "y": 4.907889455877887,
          "z": -3.88666395488965
        },
        "aimEnd": {
          "x": -0.20330959869373144,
          "y": 4.686944642952087,
          "z": -1.2810458181307878
        }
      },
      {
        "enemyId": "enemy-0",
        "defId": "bastion",
        "visualOrigin": {
          "x": -2.07319769144914,
          "y": 4.904599452595909,
          "z": -3.8834968058718697
        },
        "aimEnd": {
          "x": -0.2043200277682462,
          "y": 4.686749615069619,
          "z": -1.2747385250351781
        }
      },
      {
        "enemyId": "enemy-2",
        "defId": "warden",
        "visualOrigin": {
          "x": 0.5297460603383645,
          "y": 4.972811698912398,
          "z": -3.6071068914313686
        },
        "aimEnd": {
          "x": 0.07098638232207183,
          "y": 4.712574708631259,
          "z": -1.328893824373817
        }
      },
      {
        "enemyId": "enemy-3",
        "defId": "sovereign",
        "visualOrigin": {
          "x": 3.060230891189636,
          "y": 5.559771741187887,
          "z": -4.404400286071299
        },
        "aimEnd": {
          "x": 0.2276848295811309,
          "y": 4.730550219255918,
          "z": -1.2522377793707498
        }
      },
      {
        "enemyId": "enemy-0",
        "defId": "bastion",
        "visualOrigin": {
          "x": -2.0854156155769283,
          "y": 4.89923290191024,
          "z": -3.9040882336616636
        },
        "aimEnd": {
          "x": -0.19624104773588402,
          "y": 4.687621292312953,
          "z": -1.2800002474867638
        }
      },
      {
        "enemyId": "enemy-0",
        "defId": "bastion",
        "visualOrigin": {
          "x": -2.0852598318112414,
          "y": 4.909739697604036,
          "z": -3.9045526590494637
        },
        "aimEnd": {
          "x": -0.19426329929637687,
          "y": 4.691923703387788,
          "z": -1.2759646843433279
        }
      },
      {
        "enemyId": "enemy-2",
        "defId": "warden",
        "visualOrigin": {
          "x": 0.5300974194369326,
          "y": 4.9662480252311845,
          "z": -3.608449622158271
        },
        "aimEnd": {
          "x": 0.0714626602818551,
          "y": 4.701183009268437,
          "z": -1.3301923574848362
        }
      }
    ],
    "enemies": [
      {
        "id": "bastion",
        "state": "attack",
        "position": [
          -2.9141260462824192,
          4.678267653578301,
          -5.050333036138871
        ]
      },
      {
        "id": "revenant",
        "state": "attack",
        "position": [
          -0.40861138770843486,
          4.673635659597886,
          -3.0426669240544326
        ]
      },
      {
        "id": "warden",
        "state": "attack",
        "position": [
          0.954620100174897,
          4.673949426029225,
          -4.995762469316647
        ]
      },
      {
        "id": "sovereign",
        "state": "attack",
        "position": [
          2.831920477903529,
          4.976026313389826,
          -4.962656227412388
        ]
      }
    ]
  },
  "animation": [
    {
      "id": "bastion",
      "moved": 592,
      "bad": 0,
      "samples": 592
    },
    {
      "id": "revenant",
      "moved": 588,
      "bad": 0,
      "samples": 588
    },
    {
      "id": "warden",
      "moved": 851,
      "bad": 0,
      "samples": 853
    },
    {
      "id": "sovereign",
      "moved": 713,
      "bad": 0,
      "samples": 766
    }
  ],
  "lifecycle": {
    "killed": [
      "bastion",
      "revenant",
      "warden",
      "sovereign"
    ],
    "collidersRemoved": true,
    "allRetired": true
  },
  "scheduled": [
    {
      "id": "bastion",
      "model": true,
      "health": 180
    },
    {
      "id": "revenant",
      "model": true,
      "health": 75
    },
    {
      "id": "warden",
      "model": true,
      "health": 85
    },
    {
      "id": "sovereign",
      "model": true,
      "health": 140
    }
  ],
  "errors": []
}
